==============  Cel: Zapoznanie się z podstawowymi komendami Docker CLI + GIT ==============
     1.Sprawdź wersję Docker zainstalowaną w systemie

[sebjustin@localhost ~]$ docker -v
Docker version 29.0.4, build 3247a5a

     2.Załóż repozytogium na github i dam mi dostęp lub zrob publiczne

https://github.com/sebjustin/test-devops

     3.Pobierz obraz hello-world z Docker Hub

docker pull hello-world
Using default tag: latest
latest: Pulling from library/hello-world
17eec7bbc9d7: Pull complete
Digest: sha256:f7931603f70e13dbd844253370742c4fc4202d290c80442b2e68706d8f33ce26
Status: Downloaded newer image for hello-world:latest
docker.io/library/hello-world:latest


     4.Uruchom kontener z obrazem hello-world

docker run hello-world

Hello from Docker!
This message shows that your installation appears to be working correctly.

To generate this message, Docker took the following steps:
 1. The Docker client contacted the Docker daemon.
 2. The Docker daemon pulled the "hello-world" image from the Docker Hub.
    (amd64)
 3. The Docker daemon created a new container from that image which runs the
    executable that produces the output you are currently reading.
 4. The Docker daemon streamed that output to the Docker client, which sent it
    to your terminal.

To try something more ambitious, you can run an Ubuntu container with:
 $ docker run -it ubuntu bash

Share images, automate workflows, and more with a free Docker ID:
 https://hub.docker.com/

For more examples and ideas, visit:
 https://docs.docker.com/get-started/


     5.Sprawdź listę wszystkich kontenerów (uruchomionych i zatrzymanych)

 docker ps -a
CONTAINER ID   IMAGE                                                COMMAND                  CREATED              STATUS                          PORTS                                                                                             NAMES
59fcb4db4886   hello-world                                          "/hello"                 About a minute ago   Exited (0) About a minute ago                                                                                                     magical_shamir
d4c6522f1d24   hello-world                                          "/hello"                 6 minutes ago        Exited (0) 6 minutes ago                                                                                                          adoring_shtern
6b046e258b16   hello-world                                          "/hello"                 7 minutes ago        Exited (0) 7 minutes ago        
//uruchimilem 3 razy i pozniej usunąłem 3 pojedynczo


     6.Usuń kontener hello-world
docker rm 6b046e258b16
docker rm d4c6522f1d24
docker rm 59fcb4db4886 

============== Zadanie 1.2: Praca z obrazami ===============

    Cel: Nauka zarządzania obrazami Docker
     1.Pobierz obraz ubuntu:20.04 z Docker Hub
$ docker pull ubuntu:20.04
20.04: Pulling from library/ubuntu
13b7e930469f: Pull complete
Digest: sha256:8feb4d8ca5354def3d8fce243717141ce31e2c428701f6682bd2fafe15388214
Status: Downloaded newer image for ubuntu:20.04
docker.io/library/ubuntu:20.04


     2.Sprawdź listę dostępnych obrazów
[sebjustin@localhost ~]$ docker image ls
                                                                                                                                                                                              i Info →   U  In Use
IMAGE                                                ID             DISK USAGE   CONTENT SIZE   EXTRA
artifacts.plane.so/makeplane/plane-admin:v1.1.0      170fdf392c7e        473MB          121MB    U
artifacts.plane.so/makeplane/plane-backend:v1.1.0    5ceabae0ae64        458MB          109MB    U
artifacts.plane.so/makeplane/plane-frontend:v1.1.0   cd66043932d0        565MB          151MB    U
artifacts.plane.so/makeplane/plane-live:v1.1.0       fc12847a8feb       1.38GB          239MB    U
artifacts.plane.so/makeplane/plane-proxy:v1.1.0      5c8a5819a767        150MB         40.8MB    U
artifacts.plane.so/makeplane/plane-space:v1.1.0      b97ff9529fcc        482MB          123MB    U
hello-world:latest                                   f7931603f70e       16.2kB         3.96kB
makeplane/plane-backend:latest                       a8b3ee5ad6a4        485MB          115MB    U
makeplane/plane-backend:stable                       5ceabae0ae64        458MB          109MB    U
makeplane/plane-frontend:latest                      30734d16d457       1.77GB          302MB    U
makeplane/plane-frontend:stable                      cd66043932d0        565MB          151MB    U
minio/minio:latest                                   14cea493d9a3        239MB         62.2MB    U
nginx:alpine                                         b3c656d55d7a       78.4MB         22.6MB
postgres:15                                          822f8795764a        622MB          158MB    U
postgres:15.7-alpine                                 468d34fefd63        346MB           96MB    U
rabbitmq:3.13.6-management-alpine                    611107e29cce        276MB         87.7MB    U
redis:7-alpine                                       ee64a64eaab6       60.1MB         17.2MB    U
ubuntu:20.04                                         8feb4d8ca535        107MB         27.5MB
valkey/valkey:7.2.11-alpine   

// testowalem inne kontenery plane to taki zamiennik jira

     3.Uruchom kontener z obrazem Ubuntu w trybie interaktywnym

docker run -it --name ubuntu ubuntu:20.04
root@156274980d8a:/#

     4.W kontenerze wykonaj polecenie ls -la i whoami

 ls -la
total 0
drwxr-xr-x.   1 root root   6 Dec  1 19:03 .
drwxr-xr-x.   1 root root   6 Dec  1 19:03 ..
-rwxr-xr-x.   1 root root   0 Dec  1 19:03 .dockerenv
lrwxrwxrwx.   1 root root   7 Apr  4  2025 bin -> usr/bin
drwxr-xr-x.   2 root root   6 Apr 15  2020 boot
drwxr-xr-x.   5 root root 360 Dec  1 19:03 dev
drwxr-xr-x.   1 root root  66 Dec  1 19:03 etc
drwxr-xr-x.   2 root root   6 Apr 15  2020 home
lrwxrwxrwx.   1 root root   7 Apr  4  2025 lib -> usr/lib
lrwxrwxrwx.   1 root root   9 Apr  4  2025 lib32 -> usr/lib32
lrwxrwxrwx.   1 root root   9 Apr  4  2025 lib64 -> usr/lib64
lrwxrwxrwx.   1 root root  10 Apr  4  2025 libx32 -> usr/libx32
drwxr-xr-x.   2 root root   6 Apr  4  2025 media
drwxr-xr-x.   2 root root   6 Apr  4  2025 mnt
drwxr-xr-x.   2 root root   6 Apr  4  2025 opt
dr-xr-xr-x. 218 root root   0 Dec  1 19:03 proc
drwx------.   2 root root  37 Apr  4  2025 root
drwxr-xr-x.   5 root root  58 Apr  4  2025 run
lrwxrwxrwx.   1 root root   8 Apr  4  2025 sbin -> usr/sbin
drwxr-xr-x.   2 root root   6 Apr  4  2025 srv
dr-xr-xr-x.  13 root root   0 Nov 25 16:28 sys
drwxrwxrwt.   2 root root   6 Apr  4  2025 tmp
drwxr-xr-x.  13 root root 145 Apr  4  2025 usr
drwxr-xr-x.  11 root root 139 Apr  4  2025 var
root@156274980d8a:/# who
who     whoami
root@156274980d8a:/# whoami
root
root@156274980d8a:/#

     5.Wyjdź z kontenera i sprawdź jego status

root@156274980d8a:/# exit
exit
[sebjustin@localhost ~]$
[sebjustin@localhost ~]$ docker ps -a
CONTAINER ID   IMAGE                                                COMMAND                  CREATED       STATUS                        PORTS     NAMES
e1c8bb08b4ee   artifacts.plane.so/makeplane/plane-proxy:v1.1.0      "caddy run --config …"   2 weeks ago   Exited (0) 16 minutes ago               plane-app-proxy-1
5d7d3be134d5   artifacts.plane.so/makeplane/plane-space:v1.1.0      "docker-entrypoint.s…"   2 weeks ago   Exited (0) 16 minutes ago               plane-app-space-1
d1b65f9f094c   artifacts.plane.so/makeplane/plane-admin:v1.1.0      "docker-entrypoint.s…"   2 weeks ago   Exited (0) 16 minutes ago               plane-app-admin-1
8e44cf77c61b   artifacts.plane.so/makeplane/plane-live:v1.1.0       "docker-entrypoint.s…"   2 weeks ago   Exited (0) 16 minutes ago               plane-app-live-1
22b860354f66   artifacts.plane.so/makeplane/plane-frontend:v1.1.0   "docker-entrypoint.s…"   2 weeks ago   Exited (0) 16 minutes ago               plane-app-web-1
d654a3d2acf9   artifacts.plane.so/makeplane/plane-backend:v1.1.0    "./bin/docker-entryp…"   2 weeks ago   Exited (137) 16 minutes ago             plane-app-beat-worker-1
18516b86067f   artifacts.plane.so/makeplane/plane-backend:v1.1.0    "./bin/docker-entryp…"   2 weeks ago   Exited (137) 16 minutes ago             plane-app-worker-1
0e0efc99a306   artifacts.plane.so/makeplane/plane-backend:v1.1.0    "./bin/docker-entryp…"   2 weeks ago   Exited (0) 16 minutes ago               plane-app-api-1
96ac1f283bac   artifacts.plane.so/makeplane/plane-backend:v1.1.0    "./bin/docker-entryp…"   2 weeks ago   Exited (0) 2 weeks ago                  plane-app-migrator-1
847679d4a092   postgres:15.7-alpine                                 "docker-entrypoint.s…"   2 weeks ago   Exited (0) 16 minutes ago               plane-app-plane-db-1
92b26439b562   rabbitmq:3.13.6-management-alpine                    "docker-entrypoint.s…"   2 weeks ago   Exited (0) 16 minutes ago               plane-app-plane-mq-1
5b50a5532b09   minio/minio:latest                                   "/usr/bin/docker-ent…"   2 weeks ago   Exited (0) 16 minutes ago               plane-app-plane-minio-1
c9ad7001a38f   valkey/valkey:7.2.11-alpine                          "docker-entrypoint.s…"   2 weeks ago   Exited (0) 16 minutes ago               plane-app-plane-redis-1
ddd869214937   makeplane/plane-frontend:latest                      "docker-entrypoint.s…"   2 weeks ago   Exited (0) 17 minutes ago               plane_frontend
e312b65da35b   makeplane/plane-backend:latest                       "sh -c 'python3 mana…"   2 weeks ago   Exited (0) 16 minutes ago               plane_backend
b041fae52ef9   postgres:15                                          "docker-entrypoint.s…"   2 weeks ago   Exited (0) 16 minutes ago               plane_postgres
fa2983bc6f2f   redis:7-alpine                                       "docker-entrypoint.s…"   2 weeks ago   Exited (0) 16 minutes ago               plane_redis
[sebjustin@localhost ~]$

     6.Usuń zatrzymany kontener

[sebjustin@localhost ~]$ docker rm 156274980d8a
156274980d8a
[sebjustin@localhost ~]$


============== Zadanie 1.3: Uruchamianie serwera webowego ===============
    Cel: Konfiguracja i uruchamianie aplikacji webowej
     1.Pobierz obraz nginx:alpine
     
docker pull nginx:alpine
alpine: Pulling from library/nginx
bdabb0d44271: Pull complete
3eaba6cd10a3: Pull complete
ff8a36d5502a: Pull complete
df413d6ebdc8: Pull complete
8f6a6833e95d: Pull complete
194fa24e147d: Pull complete
d9a55dab5954: Pull complete
Digest: sha256:b3c656d55d7ad751196f21b7fd2e8d4da9cb430e32f646adcf92441b72f82b14
Status: Downloaded newer image for nginx:alpine
docker.io/library/nginx:alpine
[sebjustin@localhost ~]$


     2.Uruchom kontener nginx w trybie odłączonym (detached)
     3.Nadaj kontenerowi nazwę moj-nginx
     4.Mapuj port 8080 hosta na port 80 kontenera

[sebjustin@localhost ~]$ docker run -d --name moj_nginx -p 8080:80 nginx
8d1e8257e7ecefc46dcb186a33cd463982894d0bb4efa68339070bfd22a12256
[sebjustin@localhost ~]$

   
     5.Sprawdź czy strona jest dostępna pod adresem http://localhost:8080
// mam to na malym komputerku w sieci lan wiec umnie to http://192.168.1.195:8080

wyswietla Welcome to nginx! czyli działa


     6.Sprawdź logi kontenera

[sebjustin@localhost ~]$ docker logs moj_nginx
/docker-entrypoint.sh: /docker-entrypoint.d/ is not empty, will attempt to perform configuration
/docker-entrypoint.sh: Looking for shell scripts in /docker-entrypoint.d/
/docker-entrypoint.sh: Launching /docker-entrypoint.d/10-listen-on-ipv6-by-default.sh
10-listen-on-ipv6-by-default.sh: info: Getting the checksum of /etc/nginx/conf.d/default.conf
10-listen-on-ipv6-by-default.sh: info: Enabled listen on IPv6 in /etc/nginx/conf.d/default.conf
/docker-entrypoint.sh: Sourcing /docker-entrypoint.d/15-local-resolvers.envsh
/docker-entrypoint.sh: Launching /docker-entrypoint.d/20-envsubst-on-templates.sh
/docker-entrypoint.sh: Launching /docker-entrypoint.d/30-tune-worker-processes.sh
/docker-entrypoint.sh: Configuration complete; ready for start up
2025/12/01 19:38:29 [notice] 1#1: using the "epoll" event method
2025/12/01 19:38:29 [notice] 1#1: nginx/1.29.3
2025/12/01 19:38:29 [notice] 1#1: built by gcc 14.2.0 (Debian 14.2.0-19)
2025/12/01 19:38:29 [notice] 1#1: OS: Linux 5.14.0-570.58.1.el9_6.x86_64
2025/12/01 19:38:29 [notice] 1#1: getrlimit(RLIMIT_NOFILE): 1024:524288
2025/12/01 19:38:29 [notice] 1#1: start worker processes
2025/12/01 19:38:29 [notice] 1#1: start worker process 29
2025/12/01 19:38:29 [notice] 1#1: start worker process 30
2025/12/01 19:38:29 [notice] 1#1: start worker process 31
2025/12/01 19:38:29 [notice] 1#1: start worker process 32
192.168.1.167 - - [01/Dec/2025:19:40:19 +0000] "GET / HTTP/1.1" 200 615 "-" "Mozilla/5.0 (Windows NT 10.0; Win64; x64; rv:145.0) Gecko/20100101 Firefox/145.0" "-"
2025/12/01 19:40:20 [error] 29#29: *1 open() "/usr/share/nginx/html/favicon.ico" failed (2: No such file or directory), client: 192.168.1.167, server: localhost, request: "GET /favicon.ico HTTP/1.1", host: "192.168.1.195:8080", referrer: "http://192.168.1.195:8080/"
192.168.1.167 - - [01/Dec/2025:19:40:20 +0000] "GET /favicon.ico HTTP/1.1" 404 153 "http://192.168.1.195:8080/" "Mozilla/5.0 (Windows NT 10.0; Win64; x64; rv:145.0) Gecko/20100101 Firefox/145.0" "-"
[sebjustin@localhost ~]$

     7.Zatrzymaj i usuń kontener

[sebjustin@localhost ~]$ docker stop moj_nginx
moj_nginx
[sebjustin@localhost ~]$ docker rm moj_nginx
moj_nginx
[sebjustin@localhost ~]$ docker ps
CONTAINER ID   IMAGE     COMMAND   CREATED   STATUS    PORTS     NAMES
[sebjustin@localhost ~]$ docker ps -a
CONTAINER ID   IMAGE                                                COMMAND                  CREATED       STATUS                           PORTS     NAMES
e1c8bb08b4ee   artifacts.plane.so/makeplane/plane-proxy:v1.1.0      "caddy run --config …"   2 weeks ago   Exited (0) About an hour ago               plane-app-proxy-1
5d7d3be134d5   artifacts.plane.so/makeplane/plane-space:v1.1.0      "docker-entrypoint.s…"   2 weeks ago   Exited (0) About an hour ago               plane-app-space-1
d1b65f9f094c   artifacts.plane.so/makeplane/plane-admin:v1.1.0      "docker-entrypoint.s…"   2 weeks ago   Exited (0) About an hour ago               plane-app-admin-1
8e44cf77c61b   artifacts.plane.so/makeplane/plane-live:v1.1.0       "docker-entrypoint.s…"   2 weeks ago   Exited (0) About an hour ago               plane-app-live-1
22b860354f66   artifacts.plane.so/makeplane/plane-frontend:v1.1.0   "docker-entrypoint.s…"   2 weeks ago   Exited (0) About an hour ago               plane-app-web-1
d654a3d2acf9   artifacts.plane.so/makeplane/plane-backend:v1.1.0    "./bin/docker-entryp…"   2 weeks ago   Exited (137) About an hour ago             plane-app-beat-worker-1
18516b86067f   artifacts.plane.so/makeplane/plane-backend:v1.1.0    "./bin/docker-entryp…"   2 weeks ago   Exited (137) About an hour ago             plane-app-worker-1
0e0efc99a306   artifacts.plane.so/makeplane/plane-backend:v1.1.0    "./bin/docker-entryp…"   2 weeks ago   Exited (0) About an hour ago               plane-app-api-1
96ac1f283bac   artifacts.plane.so/makeplane/plane-backend:v1.1.0    "./bin/docker-entryp…"   2 weeks ago   Exited (0) 2 weeks ago                     plane-app-migrator-1
847679d4a092   postgres:15.7-alpine                                 "docker-entrypoint.s…"   2 weeks ago   Exited (0) About an hour ago               plane-app-plane-db-1
92b26439b562   rabbitmq:3.13.6-management-alpine                    "docker-entrypoint.s…"   2 weeks ago   Exited (0) About an hour ago               plane-app-plane-mq-1
5b50a5532b09   minio/minio:latest                                   "/usr/bin/docker-ent…"   2 weeks ago   Exited (0) About an hour ago               plane-app-plane-minio-1
c9ad7001a38f   valkey/valkey:7.2.11-alpine                          "docker-entrypoint.s…"   2 weeks ago   Exited (0) About an hour ago               plane-app-plane-redis-1
ddd869214937   makeplane/plane-frontend:latest                      "docker-entrypoint.s…"   2 weeks ago   Exited (0) About an hour ago               plane_frontend
e312b65da35b   makeplane/plane-backend:latest                       "sh -c 'python3 mana…"   2 weeks ago   Exited (0) About an hour ago               plane_backend
b041fae52ef9   postgres:15                                          "docker-entrypoint.s…"   2 weeks ago   Exited (0) About an hour ago               plane_postgres
fa2983bc6f2f   redis:7-alpine                                       "docker-entrypoint.s…"   2 weeks ago   Exited (0) About an hour ago               plane_redis
[sebjustin@localhost ~]$


============== Zadanie 1.4: Uruchamianie serwera webowego ===============

    Cel: Konfiguracja i uruchamianie aplikacji webowej
     8.Pobierz obraz nginx:alpine

[sebjustin@localhost ~]$ docker pull nginx:alpine
alpine: Pulling from library/nginx
194fa24e147d: Pull complete
ff8a36d5502a: Pull complete
d9a55dab5954: Pull complete
bdabb0d44271: Pull complete
8f6a6833e95d: Pull complete
df413d6ebdc8: Pull complete
3eaba6cd10a3: Pull complete
Digest: sha256:b3c656d55d7ad751196f21b7fd2e8d4da9cb430e32f646adcf92441b72f82b14
Status: Downloaded newer image for nginx:alpine
docker.io/library/nginx:alpine

     9.Uruchom kontener nginx w  docker-compose.yaml


     10.Nadaj kontenerowi nazwę moj-nginx
     11.Mapuj port 8080 hosta na port 80 kontenera

[sebjustin@localhost ~]$ docker compose up -d
WARN[0000] /home/sebjustin/docker-compose.yaml: the attribute `version` is obsolete, it will be ignored, please remove it to avoid potential confusion
[+] Running 2/2
 ✔ Network sebjustin_default  Created                                                                                                                                                                        0.2s
 ✔ Container moj-nginx        Started                                                                                                                                                                        0.4s
[sebjustin@localhost ~]$

     12.Sprawdź czy strona jest dostępna pod adresem http://localhost:8080

działa Welcome to nginx!

     13.Sprawdź logi kontenera

docker logs moj-nginx
/docker-entrypoint.sh: /docker-entrypoint.d/ is not empty, will attempt to perform configuration
/docker-entrypoint.sh: Looking for shell scripts in /docker-entrypoint.d/
/docker-entrypoint.sh: Launching /docker-entrypoint.d/10-listen-on-ipv6-by-default.sh
10-listen-on-ipv6-by-default.sh: info: Getting the checksum of /etc/nginx/conf.d/default.conf
10-listen-on-ipv6-by-default.sh: info: Enabled listen on IPv6 in /etc/nginx/conf.d/default.conf
/docker-entrypoint.sh: Sourcing /docker-entrypoint.d/15-local-resolvers.envsh
/docker-entrypoint.sh: Launching /docker-entrypoint.d/20-envsubst-on-templates.sh
/docker-entrypoint.sh: Launching /docker-entrypoint.d/30-tune-worker-processes.sh
/docker-entrypoint.sh: Configuration complete; ready for start up
2025/12/02 22:06:16 [notice] 1#1: using the "epoll" event method
2025/12/02 22:06:16 [notice] 1#1: nginx/1.29.3
2025/12/02 22:06:16 [notice] 1#1: built by gcc 14.2.0 (Alpine 14.2.0)
2025/12/02 22:06:16 [notice] 1#1: OS: Linux 5.14.0-570.58.1.el9_6.x86_64
2025/12/02 22:06:16 [notice] 1#1: getrlimit(RLIMIT_NOFILE): 1024:524288
2025/12/02 22:06:16 [notice] 1#1: start worker processes
2025/12/02 22:06:16 [notice] 1#1: start worker process 30
2025/12/02 22:06:16 [notice] 1#1: start worker process 31
2025/12/02 22:06:16 [notice] 1#1: start worker process 32
2025/12/02 22:06:16 [notice] 1#1: start worker process 33
192.168.1.167 - - [02/Dec/2025:22:09:22 +0000] "GET / HTTP/1.1" 200 615 "-" "Mozilla/5.0 (Windows NT 10.0; Win64; x64; rv:145.0) Gecko/20100101 Firefox/145.0" "-"
2025/12/02 22:09:23 [error] 31#31: *1 open() "/usr/share/nginx/html/favicon.ico" failed (2: No such file or directory), client: 192.168.1.167, server: localhost, request: "GET /favicon.ico HTTP/1.1", host: "192.168.1.195:8080", referrer: "http://192.168.1.195:8080/"
192.168.1.167 - - [02/Dec/2025:22:09:23 +0000] "GET /favicon.ico HTTP/1.1" 404 153 "http://192.168.1.195:8080/" "Mozilla/5.0 (Windows NT 10.0; Win64; x64; rv:145.0) Gecko/20100101 Firefox/145.0" "-"
[sebjustin@localhost ~]$



     14. Zapisz plik docker-compose.yaml w swoim github i podeślij mi link
     15.Zatrzymaj i usuń kontener

[sebjustin@localhost ~]$ docker compose down
WARN[0000] /home/sebjustin/docker-compose.yaml: the attribute `version` is obsolete, it will be ignored, please remove it to avoid potential confusion
[+] Running 2/2
 ✔ Container moj-nginx        Removed                                                                                                                                                                        0.3s
 ✔ Network sebjustin_default  Removed         

 [sebjustin@localhost ~]$ docker rmi nginx:alpine
Untagged: nginx:alpine
Deleted: sha256:b3c656d55d7ad751196f21b7fd2e8d4da9cb430e32f646adcf92441b72f82b14
[sebjustin@localhost ~]$
